PASS | tool-count | count=23
PASS | has-agentHelp | 
PASS | has-createProcess | 
PASS | has-removeProcess | 
PASS | has-inputProcess | 
PASS | has-outputProcess | 
PASS | has-createFile | 
PASS | has-createFolder | 
PASS | has-deleteFile | 
PASS | has-deleteFolder | 
PASS | has-getFileInfo | 
PASS | has-getFolderInfo | 
PASS | has-listDir | 
PASS | has-readFileContent | 
PASS | has-writeFileContent | 
PASS | createProcess-uid | 
PASS | input-ok | 
PASS | output-has | [2J[m[HMicrosoft Windows [版本 10.0.19045.6466]]0;C:\windo
PASS | danger-block | 
PASS | file-created-by-term | 
PASS | remove | 
PASS | createFile | 
PASS | createFolder | 
PASS | listDir | 
PASS | getFileInfo | 
PASS | getFolderInfo | 
PASS | writeFileContent | 
PASS | readFileContent | 
PASS | deleteFile | 
PASS | deleteFolder | 
PASS | traversal | 
PASS | agentHelp | 

===== 32/32 PASS =====
C:\Users\Administrator\Desktop\QQ-bot\node_modules\node-pty\lib\conpty_console_list_agent.js:13
var consoleProcessList = getConsoleProcessList(shellPid);
                         ^

Error: AttachConsole failed
    at Object.<anonymous> (C:\Users\Administrator\Desktop\QQ-bot\node_modules\node-pty\lib\conpty_console_list_agent.js:13:26)
    at Module._compile (node:internal/modules/cjs/loader:1781:14)
    at Object..js (node:internal/modules/cjs/loader:1913:10)
    at Module.load (node:internal/modules/cjs/loader:1505:32)
    at Function._load (node:internal/modules/cjs/loader:1309:12)
    at wrapModuleLoad (node:internal/modules/cjs/loader:254:19)
    at Function.executeUserEntryPoint [as runMain] (node:internal/modules/run_main:171:5)
    at node:internal/main/run_main_module:36:49

Node.js v22.23.1
